// 重构日志: 1445be78
// 重构日志: 3540e349
// 重构日志: 0dc0aae6
// 重构日志: d3f55b60
// 重构日志: cf148f73
// 同步 ID: d9306559 @ Sat Jul 18 01:10:57 UTC 2026
// 同步 ID: d97a072e @ Sat Jul 18 11:42:09 UTC 2026
// 重构日志: 427b1115
// 重构日志: 6c477305
// 重构日志: 7d215d3e
// 重构日志: 26fb0d2c
// 重构日志: fa1c2c7d
// 同步 ID: 3f1170e2 @ Tue Jul 28 13:58:47 UTC 2026
// 重构日志: 00e1c06c
// 重构日志: 2857bb2e
// 重构日志: 0e62aa19
// 同步 ID: fb038137 @ Thu Jul 30 17:20:21 UTC 2026
// 重构日志: c00209af
// 重构日志: 23d8b8f7
// 重构日志: 51dd6576
// 重构日志: c245c7c4
// 重构日志: 6b306d9b
// 同步 ID: eafd4113 @ Sun Aug  2 15:28:14 UTC 2026
// 同步 ID: fbaa52a0 @ Mon Aug  3 12:57:31 UTC 2026
// 同步 ID: 76e0d12f @ Tue Aug  4 03:50:42 UTC 2026
// 同步 ID: 24a4eefe @ Tue Aug  4 06:46:50 UTC 2026
// 同步 ID: d5e76912 @ Tue Aug  4 16:01:06 UTC 2026
// 重构日志: 9598a5af
// 重构日志: 3584daff
// 同步 ID: 45e5acdb @ Thu Aug  6 07:16:08 UTC 2026
// 重构日志: a6e2c264
// 重构日志: 3cd5a1be
